// Jest Snapshot v1, https://goo.gl/fbAQLP

exports[`publish custom / non-rectangular size 1`] = `
.emotion-0 {
  -webkit-flex: none;
  -ms-flex: none;
  flex: none;
  width: 320px;
  height: 320px;
}

.emotion-1 {
  width: 20%;
  padding-bottom: 20%;
  float: left;
  position: relative;
  margin: 0;
  overflow: hidden;
}

.emotion-2 {
  -webkit-user-select: none;
  -moz-user-select: none;
  -ms-user-select: none;
  user-select: none;
  position: absolute;
  width: 100%;
  height: 100%;
  font-size: 64px;
  border-left: 1px solid black;
  border-top: 1px solid black;
  background: var(--primary);
}

.emotion-3 {
  position: absolute;
  left: 0.1em;
  top: 0;
  font-weight: bold;
  line-height: 1em;
  color: var(--onprimary);
  font-size: 0.25em;
}

.emotion-4 {
  color: var(--autofill);
  text-align: center;
  line-height: 1.2em;
  font-size: 0.9em;
}

.emotion-5 {
  font-size: 1em;
}

.emotion-7 {
  -webkit-user-select: none;
  -moz-user-select: none;
  -ms-user-select: none;
  user-select: none;
  position: absolute;
  width: 100%;
  height: 100%;
  font-size: 64px;
  border-left: 1px solid black;
  border-top: 1px solid black;
  background: var(--lighter);
}

.emotion-8 {
  position: absolute;
  left: 0.1em;
  top: 0;
  font-weight: bold;
  line-height: 1em;
  color: var(--text);
  font-size: 0.25em;
}

.emotion-22 {
  -webkit-user-select: none;
  -moz-user-select: none;
  -ms-user-select: none;
  user-select: none;
  position: absolute;
  width: 100%;
  height: 100%;
  font-size: 64px;
  border-left: 1px solid black;
  border-top: 1px solid black;
  border-right: 1px solid black;
  background: var(--lighter);
}

.emotion-27 {
  -webkit-user-select: none;
  -moz-user-select: none;
  -ms-user-select: none;
  user-select: none;
  position: absolute;
  width: 100%;
  height: 100%;
  font-size: 64px;
  border-left: 1px solid black;
  border-top: 1px solid black;
  background: var(--cell-bg);
}

.emotion-47 {
  -webkit-user-select: none;
  -moz-user-select: none;
  -ms-user-select: none;
  user-select: none;
  position: absolute;
  width: 100%;
  height: 100%;
  font-size: 64px;
  border-left: 1px solid black;
  border-top: 1px solid black;
  border-right: 1px solid black;
  background: var(--cell-bg);
}

.emotion-77 {
  -webkit-user-select: none;
  -moz-user-select: none;
  -ms-user-select: none;
  user-select: none;
  position: absolute;
  width: 100%;
  height: 100%;
  font-size: 64px;
  border-left: 1px solid black;
  border-top: 1px solid black;
  border-bottom: 1px solid black;
  background: var(--cell-bg);
}

.emotion-97 {
  -webkit-user-select: none;
  -moz-user-select: none;
  -ms-user-select: none;
  user-select: none;
  position: absolute;
  width: 100%;
  height: 100%;
  font-size: 64px;
  border-left: 1px solid black;
  border-top: 1px solid black;
  border-bottom: 1px solid black;
  border-right: 1px solid black;
  background: var(--cell-bg);
}

<div
  aria-label="grid"
  class="emotion-0"
>
  <div
    class="emotion-1"
  >
    <div
      aria-label="cell0x0"
      class="emotion-2"
    >
      <div
        class="emotion-3"
      >
        
        1
      </div>
      <div
        class="emotion-4"
      >
        
        
        
        <div
          class="emotion-5"
        />
      </div>
    </div>
  </div>
  <div
    class="emotion-1"
  >
    <div
      aria-label="cell0x1"
      class="emotion-7"
    >
      <div
        class="emotion-8"
      >
        
        2
      </div>
      <div
        class="emotion-4"
      >
        
        
        
        <div
          class="emotion-5"
        />
      </div>
    </div>
  </div>
  <div
    class="emotion-1"
  >
    <div
      aria-label="cell0x2"
      class="emotion-7"
    >
      <div
        class="emotion-8"
      >
        
        3
      </div>
      <div
        class="emotion-4"
      >
        
        
        
        <div
          class="emotion-5"
        />
      </div>
    </div>
  </div>
  <div
    class="emotion-1"
  >
    <div
      aria-label="cell0x3"
      class="emotion-7"
    >
      <div
        class="emotion-8"
      >
        
        4
      </div>
      <div
        class="emotion-4"
      >
        
        
        
        <div
          class="emotion-5"
        />
      </div>
    </div>
  </div>
  <div
    class="emotion-1"
  >
    <div
      aria-label="cell0x4"
      class="emotion-22"
    >
      <div
        class="emotion-8"
      >
        
        5
      </div>
      <div
        class="emotion-4"
      >
        
        
        
        <div
          class="emotion-5"
        />
      </div>
    </div>
  </div>
  <div
    class="emotion-1"
  >
    <div
      aria-label="cell1x0"
      class="emotion-27"
    >
      <div
        class="emotion-8"
      >
        
        6
      </div>
      <div
        class="emotion-4"
      >
        
        
        
        <div
          class="emotion-5"
        />
      </div>
    </div>
  </div>
  <div
    class="emotion-1"
  >
    <div
      aria-label="cell1x1"
      class="emotion-27"
    >
      <div
        class="emotion-8"
      >
        
        
      </div>
      <div
        class="emotion-4"
      >
        
        
        
        <div
          class="emotion-5"
        />
      </div>
    </div>
  </div>
  <div
    class="emotion-1"
  >
    <div
      aria-label="cell1x2"
      class="emotion-27"
    >
      <div
        class="emotion-8"
      >
        
        
      </div>
      <div
        class="emotion-4"
      >
        
        
        
        <div
          class="emotion-5"
        />
      </div>
    </div>
  </div>
  <div
    class="emotion-1"
  >
    <div
      aria-label="cell1x3"
      class="emotion-27"
    >
      <div
        class="emotion-8"
      >
        
        
      </div>
      <div
        class="emotion-4"
      >
        
        
        
        <div
          class="emotion-5"
        />
      </div>
    </div>
  </div>
  <div
    class="emotion-1"
  >
    <div
      aria-label="cell1x4"
      class="emotion-47"
    >
      <div
        class="emotion-8"
      >
        
        
      </div>
      <div
        class="emotion-4"
      >
        
        
        
        <div
          class="emotion-5"
        />
      </div>
    </div>
  </div>
  <div
    class="emotion-1"
  >
    <div
      aria-label="cell2x0"
      class="emotion-27"
    >
      <div
        class="emotion-8"
      >
        
        7
      </div>
      <div
        class="emotion-4"
      >
        
        
        
        <div
          class="emotion-5"
        />
      </div>
    </div>
  </div>
  <div
    class="emotion-1"
  >
    <div
      aria-label="cell2x1"
      class="emotion-27"
    >
      <div
        class="emotion-8"
      >
        
        
      </div>
      <div
        class="emotion-4"
      >
        
        
        
        <div
          class="emotion-5"
        />
      </div>
    </div>
  </div>
  <div
    class="emotion-1"
  >
    <div
      aria-label="cell2x2"
      class="emotion-27"
    >
      <div
        class="emotion-8"
      >
        
        
      </div>
      <div
        class="emotion-4"
      >
        
        
        
        <div
          class="emotion-5"
        />
      </div>
    </div>
  </div>
  <div
    class="emotion-1"
  >
    <div
      aria-label="cell2x3"
      class="emotion-27"
    >
      <div
        class="emotion-8"
      >
        
        
      </div>
      <div
        class="emotion-4"
      >
        
        
        
        <div
          class="emotion-5"
        />
      </div>
    </div>
  </div>
  <div
    class="emotion-1"
  >
    <div
      aria-label="cell2x4"
      class="emotion-47"
    >
      <div
        class="emotion-8"
      >
        
        
      </div>
      <div
        class="emotion-4"
      >
        
        
        
        <div
          class="emotion-5"
        />
      </div>
    </div>
  </div>
  <div
    class="emotion-1"
  >
    <div
      aria-label="cell3x0"
      class="emotion-77"
    >
      <div
        class="emotion-8"
      >
        
        8
      </div>
      <div
        class="emotion-4"
      >
        
        
        
        <div
          class="emotion-5"
        />
      </div>
    </div>
  </div>
  <div
    class="emotion-1"
  >
    <div
      aria-label="cell3x1"
      class="emotion-77"
    >
      <div
        class="emotion-8"
      >
        
        
      </div>
      <div
        class="emotion-4"
      >
        
        
        
        <div
          class="emotion-5"
        />
      </div>
    </div>
  </div>
  <div
    class="emotion-1"
  >
    <div
      aria-label="cell3x2"
      class="emotion-77"
    >
      <div
        class="emotion-8"
      >
        
        
      </div>
      <div
        class="emotion-4"
      >
        
        
        
        <div
          class="emotion-5"
        />
      </div>
    </div>
  </div>
  <div
    class="emotion-1"
  >
    <div
      aria-label="cell3x3"
      class="emotion-77"
    >
      <div
        class="emotion-8"
      >
        
        
      </div>
      <div
        class="emotion-4"
      >
        
        
        
        <div
          class="emotion-5"
        />
      </div>
    </div>
  </div>
  <div
    class="emotion-1"
  >
    <div
      aria-label="cell3x4"
      class="emotion-97"
    >
      <div
        class="emotion-8"
      >
        
        
      </div>
      <div
        class="emotion-4"
      >
        
        
        
        <div
          class="emotion-5"
        />
      </div>
    </div>
  </div>
</div>
`;

exports[`publish custom / non-rectangular size 2`] = `
.emotion-0 {
  -webkit-flex: none;
  -ms-flex: none;
  flex: none;
  width: 320px;
  height: 320px;
}

.emotion-1 {
  width: 20%;
  padding-bottom: 20%;
  float: left;
  position: relative;
  margin: 0;
  overflow: hidden;
}

.emotion-2 {
  -webkit-user-select: none;
  -moz-user-select: none;
  -ms-user-select: none;
  user-select: none;
  position: absolute;
  width: 100%;
  height: 100%;
  font-size: 64px;
  border-left: 1px solid black;
  border-top: 1px solid black;
  background: var(--primary);
}

.emotion-3 {
  position: absolute;
  left: 0.1em;
  top: 0;
  font-weight: bold;
  line-height: 1em;
  color: var(--onprimary);
  font-size: 0.25em;
}

.emotion-4 {
  color: var(--autofill);
  text-align: center;
  line-height: 1.2em;
  font-size: 0.9em;
}

.emotion-5 {
  font-size: 1em;
}

.emotion-7 {
  -webkit-user-select: none;
  -moz-user-select: none;
  -ms-user-select: none;
  user-select: none;
  position: absolute;
  width: 100%;
  height: 100%;
  font-size: 64px;
  border-left: 1px solid black;
  border-top: 1px solid black;
  background: var(--lighter);
}

.emotion-8 {
  position: absolute;
  left: 0.1em;
  top: 0;
  font-weight: bold;
  line-height: 1em;
  color: var(--text);
  font-size: 0.25em;
}

.emotion-22 {
  -webkit-user-select: none;
  -moz-user-select: none;
  -ms-user-select: none;
  user-select: none;
  position: absolute;
  width: 100%;
  height: 100%;
  font-size: 64px;
  border-left: 1px solid black;
  border-top: 1px solid black;
  border-right: 1px solid black;
  background: var(--lighter);
}

.emotion-27 {
  -webkit-user-select: none;
  -moz-user-select: none;
  -ms-user-select: none;
  user-select: none;
  position: absolute;
  width: 100%;
  height: 100%;
  font-size: 64px;
  border-left: 1px solid black;
  border-top: 1px solid black;
  background: var(--cell-bg);
}

.emotion-47 {
  -webkit-user-select: none;
  -moz-user-select: none;
  -ms-user-select: none;
  user-select: none;
  position: absolute;
  width: 100%;
  height: 100%;
  font-size: 64px;
  border-left: 1px solid black;
  border-top: 1px solid black;
  border-right: 1px solid black;
  background: var(--cell-bg);
}

.emotion-77 {
  -webkit-user-select: none;
  -moz-user-select: none;
  -ms-user-select: none;
  user-select: none;
  position: absolute;
  width: 100%;
  height: 100%;
  font-size: 64px;
  border-left: 1px solid black;
  border-top: 1px solid black;
  border-bottom: 1px solid black;
  background: var(--cell-bg);
}

.emotion-97 {
  -webkit-user-select: none;
  -moz-user-select: none;
  -ms-user-select: none;
  user-select: none;
  position: absolute;
  width: 100%;
  height: 100%;
  font-size: 64px;
  border-left: 1px solid black;
  border-top: 1px solid black;
  border-bottom: 1px solid black;
  border-right: 1px solid black;
  background: var(--cell-bg);
}

<div
  aria-label="grid"
  class="emotion-0"
>
  <div
    class="emotion-1"
  >
    <div
      aria-label="cell0x0"
      class="emotion-2"
    >
      <div
        class="emotion-3"
      >
        
        1
      </div>
      <div
        class="emotion-4"
      >
        
        
        
        <div
          class="emotion-5"
        />
      </div>
    </div>
  </div>
  <div
    class="emotion-1"
  >
    <div
      aria-label="cell0x1"
      class="emotion-7"
    >
      <div
        class="emotion-8"
      >
        
        2
      </div>
      <div
        class="emotion-4"
      >
        
        
        
        <div
          class="emotion-5"
        />
      </div>
    </div>
  </div>
  <div
    class="emotion-1"
  >
    <div
      aria-label="cell0x2"
      class="emotion-7"
    >
      <div
        class="emotion-8"
      >
        
        3
      </div>
      <div
        class="emotion-4"
      >
        
        
        
        <div
          class="emotion-5"
        />
      </div>
    </div>
  </div>
  <div
    class="emotion-1"
  >
    <div
      aria-label="cell0x3"
      class="emotion-7"
    >
      <div
        class="emotion-8"
      >
        
        4
      </div>
      <div
        class="emotion-4"
      >
        
        
        
        <div
          class="emotion-5"
        />
      </div>
    </div>
  </div>
  <div
    class="emotion-1"
  >
    <div
      aria-label="cell0x4"
      class="emotion-22"
    >
      <div
        class="emotion-8"
      >
        
        5
      </div>
      <div
        class="emotion-4"
      >
        
        
        
        <div
          class="emotion-5"
        />
      </div>
    </div>
  </div>
  <div
    class="emotion-1"
  >
    <div
      aria-label="cell1x0"
      class="emotion-27"
    >
      <div
        class="emotion-8"
      >
        
        6
      </div>
      <div
        class="emotion-4"
      >
        
        
        
        <div
          class="emotion-5"
        />
      </div>
    </div>
  </div>
  <div
    class="emotion-1"
  >
    <div
      aria-label="cell1x1"
      class="emotion-27"
    >
      <div
        class="emotion-8"
      >
        
        
      </div>
      <div
        class="emotion-4"
      >
        
        
        
        <div
          class="emotion-5"
        />
      </div>
    </div>
  </div>
  <div
    class="emotion-1"
  >
    <div
      aria-label="cell1x2"
      class="emotion-27"
    >
      <div
        class="emotion-8"
      >
        
        
      </div>
      <div
        class="emotion-4"
      >
        
        
        
        <div
          class="emotion-5"
        />
      </div>
    </div>
  </div>
  <div
    class="emotion-1"
  >
    <div
      aria-label="cell1x3"
      class="emotion-27"
    >
      <div
        class="emotion-8"
      >
        
        
      </div>
      <div
        class="emotion-4"
      >
        
        
        
        <div
          class="emotion-5"
        />
      </div>
    </div>
  </div>
  <div
    class="emotion-1"
  >
    <div
      aria-label="cell1x4"
      class="emotion-47"
    >
      <div
        class="emotion-8"
      >
        
        
      </div>
      <div
        class="emotion-4"
      >
        
        
        
        <div
          class="emotion-5"
        />
      </div>
    </div>
  </div>
  <div
    class="emotion-1"
  >
    <div
      aria-label="cell2x0"
      class="emotion-27"
    >
      <div
        class="emotion-8"
      >
        
        7
      </div>
      <div
        class="emotion-4"
      >
        
        
        
        <div
          class="emotion-5"
        />
      </div>
    </div>
  </div>
  <div
    class="emotion-1"
  >
    <div
      aria-label="cell2x1"
      class="emotion-27"
    >
      <div
        class="emotion-8"
      >
        
        
      </div>
      <div
        class="emotion-4"
      >
        
        
        
        <div
          class="emotion-5"
        />
      </div>
    </div>
  </div>
  <div
    class="emotion-1"
  >
    <div
      aria-label="cell2x2"
      class="emotion-27"
    >
      <div
        class="emotion-8"
      >
        
        
      </div>
      <div
        class="emotion-4"
      >
        
        
        
        <div
          class="emotion-5"
        />
      </div>
    </div>
  </div>
  <div
    class="emotion-1"
  >
    <div
      aria-label="cell2x3"
      class="emotion-27"
    >
      <div
        class="emotion-8"
      >
        
        
      </div>
      <div
        class="emotion-4"
      >
        
        
        
        <div
          class="emotion-5"
        />
      </div>
    </div>
  </div>
  <div
    class="emotion-1"
  >
    <div
      aria-label="cell2x4"
      class="emotion-47"
    >
      <div
        class="emotion-8"
      >
        
        
      </div>
      <div
        class="emotion-4"
      >
        
        
        
        <div
          class="emotion-5"
        />
      </div>
    </div>
  </div>
  <div
    class="emotion-1"
  >
    <div
      aria-label="cell3x0"
      class="emotion-77"
    >
      <div
        class="emotion-8"
      >
        
        8
      </div>
      <div
        class="emotion-4"
      >
        
        
        
        <div
          class="emotion-5"
        />
      </div>
    </div>
  </div>
  <div
    class="emotion-1"
  >
    <div
      aria-label="cell3x1"
      class="emotion-77"
    >
      <div
        class="emotion-8"
      >
        
        
      </div>
      <div
        class="emotion-4"
      >
        
        
        
        <div
          class="emotion-5"
        />
      </div>
    </div>
  </div>
  <div
    class="emotion-1"
  >
    <div
      aria-label="cell3x2"
      class="emotion-77"
    >
      <div
        class="emotion-8"
      >
        
        
      </div>
      <div
        class="emotion-4"
      >
        
        
        
        <div
          class="emotion-5"
        />
      </div>
    </div>
  </div>
  <div
    class="emotion-1"
  >
    <div
      aria-label="cell3x3"
      class="emotion-77"
    >
      <div
        class="emotion-8"
      >
        
        
      </div>
      <div
        class="emotion-4"
      >
        
        
        
        <div
          class="emotion-5"
        />
      </div>
    </div>
  </div>
  <div
    class="emotion-1"
  >
    <div
      aria-label="cell3x4"
      class="emotion-97"
    >
      <div
        class="emotion-8"
      >
        
        
      </div>
      <div
        class="emotion-4"
      >
        
        
        
        <div
          class="emotion-5"
        />
      </div>
    </div>
  </div>
</div>
`;

exports[`puzzle in progress should be cached in local storage 1`] = `
.emotion-0 {
  -webkit-flex: none;
  -ms-flex: none;
  flex: none;
  width: 320px;
  height: 320px;
}

.emotion-1 {
  width: 20%;
  padding-bottom: 20%;
  float: left;
  position: relative;
  margin: 0;
  overflow: hidden;
}

.emotion-2 {
  -webkit-user-select: none;
  -moz-user-select: none;
  -ms-user-select: none;
  user-select: none;
  position: absolute;
  width: 100%;
  height: 100%;
  font-size: 64px;
  border-left: 1px solid black;
  border-top: 1px solid black;
  background: var(--lighter);
}

.emotion-3 {
  position: absolute;
  left: 0.1em;
  top: 0;
  font-weight: bold;
  line-height: 1em;
  color: var(--text);
  font-size: 0.25em;
}

.emotion-4 {
  color: var(--text);
  text-align: center;
  line-height: 1.2em;
  font-size: 0.9em;
}

.emotion-5 {
  font-size: 1em;
}

.emotion-17 {
  -webkit-user-select: none;
  -moz-user-select: none;
  -ms-user-select: none;
  user-select: none;
  position: absolute;
  width: 100%;
  height: 100%;
  font-size: 64px;
  border-left: 1px solid black;
  border-top: 1px solid black;
  background: var(--primary);
}

.emotion-18 {
  position: absolute;
  left: 0.1em;
  top: 0;
  font-weight: bold;
  line-height: 1em;
  color: var(--onprimary);
  font-size: 0.25em;
}

.emotion-19 {
  color: var(--autofill);
  text-align: center;
  line-height: 1.2em;
  font-size: 0.9em;
}

.emotion-22 {
  -webkit-user-select: none;
  -moz-user-select: none;
  -ms-user-select: none;
  user-select: none;
  position: absolute;
  width: 100%;
  height: 100%;
  font-size: 64px;
  border-left: 1px solid black;
  border-top: 1px solid black;
  border-right: 1px solid black;
  background: var(--lighter);
}

.emotion-27 {
  -webkit-user-select: none;
  -moz-user-select: none;
  -ms-user-select: none;
  user-select: none;
  position: absolute;
  width: 100%;
  height: 100%;
  font-size: 64px;
  border-left: 1px solid black;
  border-top: 1px solid black;
  background: var(--cell-bg);
}

.emotion-47 {
  -webkit-user-select: none;
  -moz-user-select: none;
  -ms-user-select: none;
  user-select: none;
  position: absolute;
  width: 100%;
  height: 100%;
  font-size: 64px;
  border-left: 1px solid black;
  border-top: 1px solid black;
  border-right: 1px solid black;
  background: var(--cell-bg);
}

.emotion-102 {
  -webkit-user-select: none;
  -moz-user-select: none;
  -ms-user-select: none;
  user-select: none;
  position: absolute;
  width: 100%;
  height: 100%;
  font-size: 64px;
  border-left: 1px solid black;
  border-top: 1px solid black;
  border-bottom: 1px solid black;
  background: var(--cell-bg);
}

.emotion-122 {
  -webkit-user-select: none;
  -moz-user-select: none;
  -ms-user-select: none;
  user-select: none;
  position: absolute;
  width: 100%;
  height: 100%;
  font-size: 64px;
  border-left: 1px solid black;
  border-top: 1px solid black;
  border-bottom: 1px solid black;
  border-right: 1px solid black;
  background: var(--cell-bg);
}

<div
  aria-label="grid"
  class="emotion-0"
>
  <div
    class="emotion-1"
  >
    <div
      aria-label="cell0x0"
      class="emotion-2"
    >
      <div
        class="emotion-3"
      >
        
        1
      </div>
      <div
        class="emotion-4"
      >
        
        
        
        <div
          class="emotion-5"
        >
          A
        </div>
      </div>
    </div>
  </div>
  <div
    class="emotion-1"
  >
    <div
      aria-label="cell0x1"
      class="emotion-2"
    >
      <div
        class="emotion-3"
      >
        
        2
      </div>
      <div
        class="emotion-4"
      >
        
        
        
        <div
          class="emotion-5"
        >
          B
        </div>
      </div>
    </div>
  </div>
  <div
    class="emotion-1"
  >
    <div
      aria-label="cell0x2"
      class="emotion-2"
    >
      <div
        class="emotion-3"
      >
        
        3
      </div>
      <div
        class="emotion-4"
      >
        
        
        
        <div
          class="emotion-5"
        >
          C
        </div>
      </div>
    </div>
  </div>
  <div
    class="emotion-1"
  >
    <div
      aria-label="cell0x3"
      class="emotion-17"
    >
      <div
        class="emotion-18"
      >
        
        4
      </div>
      <div
        class="emotion-19"
      >
        
        
        
        <div
          class="emotion-5"
        />
      </div>
    </div>
  </div>
  <div
    class="emotion-1"
  >
    <div
      aria-label="cell0x4"
      class="emotion-22"
    >
      <div
        class="emotion-3"
      >
        
        5
      </div>
      <div
        class="emotion-19"
      >
        
        
        
        <div
          class="emotion-5"
        />
      </div>
    </div>
  </div>
  <div
    class="emotion-1"
  >
    <div
      aria-label="cell1x0"
      class="emotion-27"
    >
      <div
        class="emotion-3"
      >
        
        6
      </div>
      <div
        class="emotion-19"
      >
        
        
        
        <div
          class="emotion-5"
        />
      </div>
    </div>
  </div>
  <div
    class="emotion-1"
  >
    <div
      aria-label="cell1x1"
      class="emotion-27"
    >
      <div
        class="emotion-3"
      >
        
        
      </div>
      <div
        class="emotion-19"
      >
        
        
        
        <div
          class="emotion-5"
        />
      </div>
    </div>
  </div>
  <div
    class="emotion-1"
  >
    <div
      aria-label="cell1x2"
      class="emotion-27"
    >
      <div
        class="emotion-3"
      >
        
        
      </div>
      <div
        class="emotion-19"
      >
        
        
        
        <div
          class="emotion-5"
        />
      </div>
    </div>
  </div>
  <div
    class="emotion-1"
  >
    <div
      aria-label="cell1x3"
      class="emotion-27"
    >
      <div
        class="emotion-3"
      >
        
        
      </div>
      <div
        class="emotion-19"
      >
        
        
        
        <div
          class="emotion-5"
        />
      </div>
    </div>
  </div>
  <div
    class="emotion-1"
  >
    <div
      aria-label="cell1x4"
      class="emotion-47"
    >
      <div
        class="emotion-3"
      >
        
        
      </div>
      <div
        class="emotion-19"
      >
        
        
        
        <div
          class="emotion-5"
        />
      </div>
    </div>
  </div>
  <div
    class="emotion-1"
  >
    <div
      aria-label="cell2x0"
      class="emotion-27"
    >
      <div
        class="emotion-3"
      >
        
        7
      </div>
      <div
        class="emotion-19"
      >
        
        
        
        <div
          class="emotion-5"
        />
      </div>
    </div>
  </div>
  <div
    class="emotion-1"
  >
    <div
      aria-label="cell2x1"
      class="emotion-27"
    >
      <div
        class="emotion-3"
      >
        
        
      </div>
      <div
        class="emotion-19"
      >
        
        
        
        <div
          class="emotion-5"
        />
      </div>
    </div>
  </div>
  <div
    class="emotion-1"
  >
    <div
      aria-label="cell2x2"
      class="emotion-27"
    >
      <div
        class="emotion-3"
      >
        
        
      </div>
      <div
        class="emotion-19"
      >
        
        
        
        <div
          class="emotion-5"
        />
      </div>
    </div>
  </div>
  <div
    class="emotion-1"
  >
    <div
      aria-label="cell2x3"
      class="emotion-27"
    >
      <div
        class="emotion-3"
      >
        
        
      </div>
      <div
        class="emotion-19"
      >
        
        
        
        <div
          class="emotion-5"
        />
      </div>
    </div>
  </div>
  <div
    class="emotion-1"
  >
    <div
      aria-label="cell2x4"
      class="emotion-47"
    >
      <div
        class="emotion-3"
      >
        
        
      </div>
      <div
        class="emotion-19"
      >
        
        
        
        <div
          class="emotion-5"
        />
      </div>
    </div>
  </div>
  <div
    class="emotion-1"
  >
    <div
      aria-label="cell3x0"
      class="emotion-27"
    >
      <div
        class="emotion-3"
      >
        
        8
      </div>
      <div
        class="emotion-19"
      >
        
        
        
        <div
          class="emotion-5"
        />
      </div>
    </div>
  </div>
  <div
    class="emotion-1"
  >
    <div
      aria-label="cell3x1"
      class="emotion-27"
    >
      <div
        class="emotion-3"
      >
        
        
      </div>
      <div
        class="emotion-19"
      >
        
        
        
        <div
          class="emotion-5"
        />
      </div>
    </div>
  </div>
  <div
    class="emotion-1"
  >
    <div
      aria-label="cell3x2"
      class="emotion-27"
    >
      <div
        class="emotion-3"
      >
        
        
      </div>
      <div
        class="emotion-19"
      >
        
        
        
        <div
          class="emotion-5"
        />
      </div>
    </div>
  </div>
  <div
    class="emotion-1"
  >
    <div
      aria-label="cell3x3"
      class="emotion-27"
    >
      <div
        class="emotion-3"
      >
        
        
      </div>
      <div
        class="emotion-19"
      >
        
        
        
        <div
          class="emotion-5"
        />
      </div>
    </div>
  </div>
  <div
    class="emotion-1"
  >
    <div
      aria-label="cell3x4"
      class="emotion-47"
    >
      <div
        class="emotion-3"
      >
        
        
      </div>
      <div
        class="emotion-19"
      >
        
        
        
        <div
          class="emotion-5"
        />
      </div>
    </div>
  </div>
  <div
    class="emotion-1"
  >
    <div
      aria-label="cell4x0"
      class="emotion-102"
    >
      <div
        class="emotion-3"
      >
        
        9
      </div>
      <div
        class="emotion-19"
      >
        
        
        
        <div
          class="emotion-5"
        />
      </div>
    </div>
  </div>
  <div
    class="emotion-1"
  >
    <div
      aria-label="cell4x1"
      class="emotion-102"
    >
      <div
        class="emotion-3"
      >
        
        
      </div>
      <div
        class="emotion-19"
      >
        
        
        
        <div
          class="emotion-5"
        />
      </div>
    </div>
  </div>
  <div
    class="emotion-1"
  >
    <div
      aria-label="cell4x2"
      class="emotion-102"
    >
      <div
        class="emotion-3"
      >
        
        
      </div>
      <div
        class="emotion-19"
      >
        
        
        
        <div
          class="emotion-5"
        />
      </div>
    </div>
  </div>
  <div
    class="emotion-1"
  >
    <div
      aria-label="cell4x3"
      class="emotion-102"
    >
      <div
        class="emotion-3"
      >
        
        
      </div>
      <div
        class="emotion-19"
      >
        
        
        
        <div
          class="emotion-5"
        />
      </div>
    </div>
  </div>
  <div
    class="emotion-1"
  >
    <div
      aria-label="cell4x4"
      class="emotion-122"
    >
      <div
        class="emotion-3"
      >
        
        
      </div>
      <div
        class="emotion-19"
      >
        
        
        
        <div
          class="emotion-5"
        />
      </div>
    </div>
  </div>
</div>
`;
